 ml-notes   Review  Ask  Lint  Log  Browse                      7 pages · 1 raw · 2 lint   cs-05f94b · 4 ops · checks ✓ 
╭ Findings ────────────────────────────────────────────────────────────────────────────────────────────────────────────╮
│▌✗  index-sync      index.md                                        wiki/concepts/windowpane-fragility.md has no lin… │
│ !  page-abstract   wiki/comparisons/commercial-yeast-vs-sourdoug…  no ## Abstract section; open the page with a 2-4… │
│ !  page-abstract   wiki/comparisons/kneading-vs-folding.md         no ## Abstract section; open the page with a 2-4… │
│ !  page-abstract   wiki/concepts/autolyse.md                       no ## Abstract section; open the page with a 2-4… │
│ ·  fm-quality      wiki/concepts/windowpane-fragility.md           confidence is low; corroborate with another sour… │
│ !  link-min-out    wiki/concepts/windowpane-fragility.md           only 1 outbound wikilink; add at least one more   │
│ !  link-orphan     wiki/concepts/windowpane-fragility.md           no inbound links; link to it from a related page… │
│ !  page-abstract   wiki/concepts/windowpane-fragility.md           no ## Abstract section; open the page with a 2-4… │
│ ✗  link-broken     wiki/concepts/windowpane-fragility.md:4         [[gluten-network]] resolves to nothing; fix the … │
│ !  page-abstract   wiki/concepts/windowpane-test.md                no ## Abstract section; open the page with a 2-4… │
│ !  page-abstract   wiki/en╭ Keys ────────────────────────────────────────── esc to close ╮ open the page with a 2-4… │
│ !  src-provenance  wiki/en│                                                              │science-of-a-good-loaf.md… │
│ !  page-abstract   wiki/en│  Lint                           Everywhere                   │ open the page with a 2-4… │
│                           │                                                              │                           │
│                           │  j/k     down / up              tab       next screen        │                           │
│                           │  g/G     top / bottom           ctrl+r    ask → review       │                           │
│                           │  enter   open                   ?         close              │                           │
│                           │  f       fix                    q/ctrl+c  quit               │                           │
│                           │                                                              │                           │
│                           │                                                              │                           │
│                           │                                                              │                           │
│                           │                                                              │                           │
│                           │                                                              │                           │
│                           │                                                              │                           │
│                           ╰──────────────────────────────────────────────────────────────╯                           │
│                                                                                                                      │
│                                                                                                                      │
│                                                                                                                      │
│                                                                                                                      │
│                                                                                                                      │
│                                                                                                                      │
│                                                                                                                      │
│                                                                                                                      │
│                                                                                                                      │
│                                                                                                                      │
│                                                                                                                      │
╰───────────────────────────────────────────────────────────────────────────────────────────────────────────── 1 of 13 ╯
 j/k move  g/G top/bottom  enter open  f fix  tab screen  q quit  ? help                                                
